
> invoice-platform@0.1.0 build
> next build

 ΓÜá Warning: Next.js inferred your workspace root, but it may not be correct.
 We detected multiple lockfiles and selected the directory of C:\Users\ankit\package-lock.json as the root directory.
 To silence this warning, set `turbopack.root` in your Next.js config, or consider removing one of the lockfiles if it's not needed.
   See https://nextjs.org/docs/app/api-reference/config/next-config-js/turbopack#root-directory for more information.
 Detected additional lockfiles: 
   * C:\Users\ankit\OneDrive\Desktop\invoice-platform\package-lock.json


> Build error occurred
Error: EPERM: operation not permitted, rmdir 'C:\Users\ankit\OneDrive\Desktop\invoice-platform\.next\server\app\api\clients\route'
    at ignore-listed frames {
  errno: -4048,
  code: 'EPERM',
  syscall: 'rmdir',
  path: 'C:\\Users\\ankit\\OneDrive\\Desktop\\invoice-platform\\.next\\server\\app\\api\\clients\\route'
}
