
> invoice-platform@0.1.0 build
> next build

 ΓÜá Warning: Next.js inferred your workspace root, but it may not be correct.
 We detected multiple lockfiles and selected the directory of C:\Users\ankit\package-lock.json as the root directory.
 To silence this warning, set `turbopack.root` in your Next.js config, or consider removing one of the lockfiles if it's not needed.
   See https://nextjs.org/docs/app/api-reference/config/next-config-js/turbopack#root-directory for more information.
 Detected additional lockfiles: 
   * C:\Users\ankit\OneDrive\Desktop\invoice-platform\package-lock.json

   Γû▓ Next.js 16.0.3 (Turbopack)
   - Environments: .env

   Creating an optimized production build ...
 Γ£ô Compiled successfully in 24.8s
   Running TypeScript ...
   Collecting page data using 11 workers ...
   Generating static pages using 11 workers (0/12) ...
   Generating static pages using 11 workers (3/12) 
   Generating static pages using 11 workers (6/12) 
   Generating static pages using 11 workers (9/12) 
 Γ£ô Generating static pages using 11 workers (12/12) in 1175.0ms
   Finalizing page optimization ...

Route (app)
Γöî Γùï /
Γö£ Γùï /_not-found
Γö£ ╞Æ /api/clients
Γö£ ╞Æ /api/invoices
Γö£ ╞Æ /api/invoices/[id]
Γö£ ╞Æ /api/seed-clients
Γö£ ╞Æ /api/settings
Γö£ Γùï /clients
Γö£ Γùï /clients/new
Γö£ Γùï /invoices
Γöö Γùï /settings


Γùï  (Static)   prerendered as static content
╞Æ  (Dynamic)  server-rendered on demand

